// Jest Snapshot v1, https://goo.gl/fbAQLP

exports[`Editorial Card test renders correctly 1`] = `
Object {
  "asFragment": [Function],
  "baseElement": <body>
    <div>
      <article
        class="coop-c-editorialcard"
      >
        <a
          class="coop-c-editorialcard__link"
          data-contentparent=""
          data-contenttype="Card|Editorial"
          data-linktext=""
          href="#"
        >
          <div
            class="coop-c-editorialcard__inner"
          >
            <div
              class="coop-c-editorialcard__content"
            >
              <header
                class="coop-c-editorialcard__header"
              >
                <h3
                  class="coop-c-editorialcard__title"
                >
                  <span>
                    Editorialcard title
                  </span>
                </h3>
              </header>
              <div
                class="coop-c-editorialcard__body"
              >
                <p>
                  content test
                </p>
              </div>
            </div>
          </div>
        </a>
      </article>
    </div>
  </body>,
  "container": <div>
    <article
      class="coop-c-editorialcard"
    >
      <a
        class="coop-c-editorialcard__link"
        data-contentparent=""
        data-contenttype="Card|Editorial"
        data-linktext=""
        href="#"
      >
        <div
          class="coop-c-editorialcard__inner"
        >
          <div
            class="coop-c-editorialcard__content"
          >
            <header
              class="coop-c-editorialcard__header"
            >
              <h3
                class="coop-c-editorialcard__title"
              >
                <span>
                  Editorialcard title
                </span>
              </h3>
            </header>
            <div
              class="coop-c-editorialcard__body"
            >
              <p>
                content test
              </p>
            </div>
          </div>
        </div>
      </a>
    </article>
  </div>,
  "debug": [Function],
  "findAllByAltText": [Function],
  "findAllByDisplayValue": [Function],
  "findAllByLabelText": [Function],
  "findAllByPlaceholderText": [Function],
  "findAllByRole": [Function],
  "findAllByTestId": [Function],
  "findAllByText": [Function],
  "findAllByTitle": [Function],
  "findByAltText": [Function],
  "findByDisplayValue": [Function],
  "findByLabelText": [Function],
  "findByPlaceholderText": [Function],
  "findByRole": [Function],
  "findByTestId": [Function],
  "findByText": [Function],
  "findByTitle": [Function],
  "getAllByAltText": [Function],
  "getAllByDisplayValue": [Function],
  "getAllByLabelText": [Function],
  "getAllByPlaceholderText": [Function],
  "getAllByRole": [Function],
  "getAllByTestId": [Function],
  "getAllByText": [Function],
  "getAllByTitle": [Function],
  "getByAltText": [Function],
  "getByDisplayValue": [Function],
  "getByLabelText": [Function],
  "getByPlaceholderText": [Function],
  "getByRole": [Function],
  "getByTestId": [Function],
  "getByText": [Function],
  "getByTitle": [Function],
  "queryAllByAltText": [Function],
  "queryAllByDisplayValue": [Function],
  "queryAllByLabelText": [Function],
  "queryAllByPlaceholderText": [Function],
  "queryAllByRole": [Function],
  "queryAllByTestId": [Function],
  "queryAllByText": [Function],
  "queryAllByTitle": [Function],
  "queryByAltText": [Function],
  "queryByDisplayValue": [Function],
  "queryByLabelText": [Function],
  "queryByPlaceholderText": [Function],
  "queryByRole": [Function],
  "queryByTestId": [Function],
  "queryByText": [Function],
  "queryByTitle": [Function],
  "rerender": [Function],
  "unmount": [Function],
}
`;
